###############################################################################
#                                                                             #
# IAR ANSI C/C++ Compiler V5.30.2.51295/W32 for ARM     10/Feb/2014  15:57:49 #
# Copyright 1999-2009 IAR Systems AB.                                         #
#                                                                             #
#    Cpu mode     =  thumb                                                    #
#    Endian       =  little                                                   #
#    Source file  =  D:\work\T6\FW\src\usb_lib\scsi_data.c                    #
#    Command line =  D:\work\T6\FW\src\usb_lib\scsi_data.c -lcN               #
#                    D:\work\T6\FW\src\Project\EWARMv5\Debug\List\ -o         #
#                    D:\work\T6\FW\src\Project\EWARMv5\Debug\Obj\ --no_cse    #
#                    --no_unroll --no_inline --no_code_motion --no_tbaa       #
#                    --no_clustering --no_scheduling --debug --endian=little  #
#                    --cpu=Cortex-M3 -e --fpu=None --dlib_config "C:\Program  #
#                    Files\IAR Systems\Embedded Workbench                     #
#                    5.4\arm\INC\DLib_Config_Full.h" -I                       #
#                    D:\work\T6\FW\src\Project\EWARMv5\..\ -I                 #
#                    D:\work\T6\FW\src\Project\EWARMv5\..\..\App\ -I          #
#                    D:\work\T6\FW\src\Project\EWARMv5\..\..\Drivers\ -I      #
#                    D:\work\T6\FW\src\Project\EWARMv5\..\..\FatFs\ -I        #
#                    D:\work\T6\FW\src\Project\EWARMv5\..\..\Lib\inc\ -I      #
#                    D:\work\T6\FW\src\Project\EWARMv5\..\..\uCOS\uC-CPU\ -I  #
#                    D:\work\T6\FW\src\Project\EWARMv5\..\..\uCOS\uC-LIB\ -I  #
#                    D:\work\T6\FW\src\Project\EWARMv5\..\..\uCOS\uCOS-II\Por #
#                    ts\ -I D:\work\T6\FW\src\Project\EWARMv5\..\..\uCOS\uCOS #
#                    -II\Source\ -I D:\work\T6\FW\src\Project\EWARMv5\..\..\u #
#                    COS\uC-Probe\ -I D:\work\T6\FW\src\Project\EWARMv5\..\.. #
#                    \usb_lib\ -I "C:\Program Files\IAR Systems\Embedded      #
#                    Workbench 5.4\arm\INC\" -Ol                              #
#    List file    =  D:\work\T6\FW\src\Project\EWARMv5\Debug\List\scsi_data.l #
#                    st                                                       #
#    Object file  =  D:\work\T6\FW\src\Project\EWARMv5\Debug\Obj\scsi_data.o  #
#                                                                             #
#                                                                             #
###############################################################################

D:\work\T6\FW\src\usb_lib\scsi_data.c
      1          /******************** (C) COPYRIGHT 2010 STMicroelectronics ********************
      2          * File Name          : scsi_data.c
      3          * Author             : MCD Application Team
      4          * Version            : V3.1.1
      5          * Date               : 04/07/2010
      6          * Description        : Initialization of the SCSI data
      7          ********************************************************************************
      8          * THE PRESENT FIRMWARE WHICH IS FOR GUIDANCE ONLY AIMS AT PROVIDING CUSTOMERS
      9          * WITH CODING INFORMATION REGARDING THEIR PRODUCTS IN ORDER FOR THEM TO SAVE TIME.
     10          * AS A RESULT, STMICROELECTRONICS SHALL NOT BE HELD LIABLE FOR ANY DIRECT,
     11          * INDIRECT OR CONSEQUENTIAL DAMAGES WITH RESPECT TO ANY CLAIMS ARISING FROM THE
     12          * CONTENT OF SUCH FIRMWARE AND/OR THE USE MADE BY CUSTOMERS OF THE CODING
     13          * INFORMATION CONTAINED HEREIN IN CONNECTION WITH THEIR PRODUCTS.
     14          *******************************************************************************/
     15          
     16          /* Includes ------------------------------------------------------------------*/
     17          #include "usb_scsi.h"
     18          #include "memory.h"
     19          
     20          
     21          u8 Page00_Inquiry_Data[] =
     22            {
     23              0x00, /* PERIPHERAL QUALIFIER & PERIPHERAL DEVICE TYPE*/
     24              0x00,
     25              0x00,
     26              0x00,
     27              0x00 /* Supported Pages 00*/
     28            };
     29          u8 Standard_Inquiry_Data[] =
     30            {
     31              0x00,          /* Direct Access Device */
     32              0x80,          /* RMB = 1: Removable Medium */
     33              0x02,          /* Version: No conformance claim to standard */
     34              0x02,
     35          
     36              36-4,          /* Additional Length */
     37              0x00,          /* SCCS = 1: Storage Controller Component */
     38              0x00,
     39              0x00,
     40          #if 0
     41              /* Vendor Identification */
     42              'S', 'T', 'M', ' ', ' ', ' ', ' ', ' ',
     43              /* Product Identification */
     44              'S', 'D', ' ', 'F', 'l', 'a', 's', 'h', ' ',
     45              'D', 'i', 's', 'k', ' ', ' ', ' ',
     46              /* Product Revision Level */
     47              '1', '.', '0', ' '
     48          #endif
     49          
     50          	/* Vendor Identification */
     51          	//'L', 'O', 'N', 'G', 'S', 'Y', 'S', ' ',
     52          	/* Product Identification */
     53          	'M', 'I','N', 'I', ' ', 'F', 'l', 'a', 's', 'h', ' ',
     54          	'D', 'i', 's', 'k', ' ', ' ', ' ',
     55          	/* Product Revision Level */
     56          	'1', '.', '0', ' ',
     57          	' ', ' ', ' ', ' ', ' ', ' '
     58            };
     59          u8 Standard_Inquiry_Data2[] =
     60            {
     61              0x00,          /* Direct Access Device */
     62              0x80,          /* RMB = 1: Removable Medium */
     63              0x02,          /* Version: No conformance claim to standard */
     64              0x02,
     65          
     66              36 - 4,          /* Additional Length */
     67              0x00,          /* SCCS = 1: Storage Controller Component */
     68              0x00,
     69              0x00,
     70              /* Vendor Identification */
     71              'S', 'T', 'M', ' ', ' ', ' ', ' ', ' ',
     72              /* Product Identification */
     73              'N', 'A', 'N', 'D', ' ', 'F', 'l', 'a', 's', 'h', ' ',
     74              'D', 'i', 's', 'k', ' ',
     75              /* Product Revision Level */
     76              '1', '.', '0', ' '
     77            };
     78          /*-*-*-*-*-*-*-*-*-*-*-*-*-*-*-*-*-*-*-*-*-*-*-*-*-*-*-*-*-*-*-*-*-*-*-*-*-*/
     79          u8 Mode_Sense6_data[] =
     80            {
     81              0x03,
     82              0x00,
     83              0x00,
     84              0x00,
     85            };
     86          
     87          /*-*-*-*-*-*-*-*-*-*-*-*-*-*-*-*-*-*-*-*-*-*-*-*-*-*-*-*-*-*-*-*-*-*-*-*-*-*/
     88          
     89          u8 Mode_Sense10_data[] =
     90            {
     91              0x00,
     92              0x06,
     93              0x00,
     94              0x00,
     95              0x00,
     96              0x00,
     97              0x00,
     98              0x00
     99            };
    100          u8 Scsi_Sense_Data[] =
    101            {
    102              0x70, /*RespCode*/
    103              0x00, /*SegmentNumber*/
    104              NO_SENSE, /* Sens_Key*/
    105              0x00,
    106              0x00,
    107              0x00,
    108              0x00, /*Information*/
    109              0x0A, /*AdditionalSenseLength*/
    110              0x00,
    111              0x00,
    112              0x00,
    113              0x00, /*CmdInformation*/
    114              NO_SENSE, /*Asc*/
    115              0x00, /*ASCQ*/
    116              0x00, /*FRUC*/
    117              0x00, /*TBD*/
    118              0x00,
    119              0x00 /*SenseKeySpecific*/
    120            };
    121          u8 ReadCapacity10_Data[] =
    122            {
    123              /* Last Logical Block */
    124              0,
    125              0,
    126              0,
    127              0,
    128          
    129              /* Block Length */
    130              0,
    131              0,
    132              0,
    133              0
    134            };
    135          
    136          u8 ReadFormatCapacity_Data [] =
    137            {
    138              0x00,
    139              0x00,
    140              0x00,
    141              0x08, /* Capacity List Length */
    142          
    143              /* Block Count */
    144              0,
    145              0,
    146              0,
    147              0,
    148          
    149              /* Block Length */
    150              0x02,/* Descriptor Code: Formatted Media */
    151              0,
    152              0,
    153              0
    154            };
    155          
    156          /******************* (C) COPYRIGHT 2010 STMicroelectronics *****END OF FILE****/


   Section sizes:

     Function/Label          Bytes
     --------------          -----
     Page00_Inquiry_Data        8
     Standard_Inquiry_Data     36
     Standard_Inquiry_Data2    36
     Mode_Sense6_data           4
     Mode_Sense10_data          8
     Scsi_Sense_Data           20
     ReadCapacity10_Data        8
     ReadFormatCapacity_Data   12

 
  16 bytes in section .bss
 116 bytes in section .data
 
 132 bytes of DATA memory

Errors: none
Warnings: none
